<area shape="rect" href="$cache_8c.html" title="cache.c" alt="" coords="128,6,200,30">
<area shape="rect" href="$data_8c.html" title="data.c" alt="" coords="132,54,196,78">
<area shape="rect" href="$depend_8c.html" title="depend.c" alt="" coords="121,102,207,126">
<area shape="rect" href="$error_8c.html" title="error.c" alt="" coords="132,150,196,174">
<area shape="rect" href="$export_8h.html" title="export.h" alt="" coords="125,198,203,222">
<area shape="rect" href="$genetic_8c.html" title="genetic.c" alt="" coords="123,246,205,270">
<area shape="rect" href="$main_8c.html" title="main.c" alt="" coords="131,294,197,318">
<area shape="rect" href="$modsup_8c.html" title="modsup.c" alt="" coords="120,342,208,366">
<area shape="rect" href="$module_8h.html" title="module.h" alt="" coords="121,390,207,414">
<area shape="rect" href="$output_8c.html" title="output.c" alt="" coords="125,438,203,462">
<area shape="rect" href="$params_8c.html" title="params.c" alt="" coords="123,486,205,510">
<area shape="rect" href="$transfer_8c.html" title="transfer.c" alt="" coords="121,534,207,558">
<area shape="rect" href="$xmlsup_8c.html" title="xmlsup.c" alt="" coords="123,582,205,606">
